Saturday, May 01, 2021
======================

Day: 0:00

Week: 0:00
