Tuesday, May 01, 2012
=====================
3p,

Day: 0:00

Week: 0:00
