Tuesday, May 01, 2012
=====================
(8:00)  9a,     5p,

Day: 8:00

Wednesday, May 02, 2012
=======================
(8:00)  9a,     5p,

Day: 8:00

Thursday, May 03, 2012
======================
(8:00)  9a,     5p,

Day: 8:00

Friday, May 04, 2012
====================
(8:00)  9a,     5p,

Day: 8:00

Saturday, May 05, 2012
======================
(8:00)  9a,     5p,

Day: 8:00

Week: 40:00
