Tuesday, May 01, 2012
=====================
(3:00)  9a,     12p,

Day: 3:00

Week: 3:00
