Sunday, August 29, 2021
=======================
(0:45)  8a,     9a,     catch-all
(0:15)  8:15a,  8:30a,  do stuff

Day: 1:00

Week: 1:00
