Sunday, August 29, 2021
=======================
(0:50)  3:10p,  4p,     do stuff 1
# 3, 5, do stuff 2
# -> ERROR: Cannot travel back in time: floor is 15:10 and given time is 3.

Day: 0:50

Week: 0:50
