Sunday, August 29, 2021
=======================
(0:06)  2:19p,  2:25p,  thing 1
(0:04)  2:25p,  2:29p,  thing 2
(0:03)  2:40p,  2:43p,  thing 3

Day: 0:13

Week: 0:13
