Sunday, August 29, 2021
=======================
(8:00)  9a,     5p,     do stuff

Day: 8:00

Week: 8:00
