Sunday, August 29, 2021
=======================
(0:17)  9:13a,  9:30a,  do stuff in the morning
(0:55)  9:05p,  10p,    do stuff some other time

Day: 1:12

Week: 1:12
