Tuesday, May 01, 2012
=====================
(2:00) 1p, 3p, 

Day: 2:00

Week: 2:00
