Tuesday, May 01, 2012
=====================
(1:32) 8:10a, 9:42a, do stuff

Day: 1:32

Week: 1:32
