Thursday, May 01, 2014
======================

Day: 0:00

Week: 0:00
