Tuesday, May 01, 2012
=====================
(12:00) 9a, 9p,         blah

Day: 12:00

Week: 12:00
