Tuesday, May 01, 2012
=====================
#8, 9, ...
(1:00) 9a, 10a,         do stuff

Day: 1:00

Week: 1:00
