Tuesday, May 01, 2012
=====================
3p, blah blah blah

Day: 0:00

Week: 0:00
