Tuesday, May 01, 2012
=====================
(1:10) 3p, 4:10p,       blah blah blah

Day: 1:10

Week: 1:10
