Tuesday, May 01, 2012
=====================
(2:00) 9a, 11a, 

Day: 2:00

Week: 2:00
