Tuesday, May 01, 2012
=====================
3a, 4:10a, 

Day: 1:10

Week: 1:10
