Tuesday, May 01, 2012
=====================
3a, 

Day: 0:00

Week: 0:00
