Wednesday, May 02, 2012
=======================

Day: 0:00

Week: 0:00
